// Jest Snapshot v1, https://goo.gl/fbAQLP

exports[`Initials renders correctly renders correctly with given value 1`] = `
<div
  className="initials"
>
  LS
</div>
`;
