// Jest Snapshot v1, https://goo.gl/fbAQLP

exports[`SearchInput renders correctly renders correctly when closed 1`] = `
<div
  className="search-input"
>
  <div
    className="form-item"
  >
    <label
      className="form-item__label"
    >
      Manager:
      <input
        autoComplete="new-password"
        className="input"
        name="managers"
        onBlur={[Function]}
        onChange={[Function]}
        onFocus={[Function]}
        placeholder="Choose Manager"
        required={false}
        type="text"
        value=""
      />
      <svg
        aria-hidden="true"
        className="svg-inline--fa fa-chevron-up fa-w-14 search-input__icon"
        data-icon="chevron-up"
        data-prefix="fas"
        focusable="false"
        role="img"
        style={Object {}}
        viewBox="0 0 448 512"
        xmlns="http://www.w3.org/2000/svg"
      >
        <path
          d="M240.971 130.524l194.343 194.343c9.373 9.373 9.373 24.569 0 33.941l-22.667 22.667c-9.357 9.357-24.522 9.375-33.901.04L224 227.495 69.255 381.516c-9.379 9.335-24.544 9.317-33.901-.04l-22.667-22.667c-9.373-9.373-9.373-24.569 0-33.941L207.03 130.525c9.372-9.373 24.568-9.373 33.941-.001z"
          fill="currentColor"
          style={Object {}}
        />
      </svg>
    </label>
  </div>
  <div
    className="search-input__dropdown"
  >
    <ul
      className="search-input__results"
    >
      <li
        className="search-input__result-item"
        onMouseDown={[Function]}
      >
        <div>
          cat
        </div>
      </li>
      <li
        className="search-input__result-item"
        onMouseDown={[Function]}
      >
        <div>
          catastrophe
        </div>
      </li>
      <li
        className="search-input__result-item"
        onMouseDown={[Function]}
      >
        <div>
          category
        </div>
      </li>
      <li
        className="search-input__result-item"
        onMouseDown={[Function]}
      >
        <div>
          tiger
        </div>
      </li>
    </ul>
  </div>
</div>
`;

exports[`SearchInput renders correctly renders correctly when user clicks on input 1`] = `
<div
  className="search-input"
>
  <div
    className="form-item"
  >
    <label
      className="form-item__label"
    >
      Manager:
      <input
        autoComplete="new-password"
        className="input"
        name="managers"
        onBlur={[Function]}
        onChange={[Function]}
        onFocus={[Function]}
        placeholder="Choose Manager"
        required={false}
        type="text"
        value=""
      />
      <svg
        aria-hidden="true"
        className="svg-inline--fa fa-chevron-up fa-w-14 search-input__icon"
        data-icon="chevron-up"
        data-prefix="fas"
        focusable="false"
        role="img"
        style={Object {}}
        viewBox="0 0 448 512"
        xmlns="http://www.w3.org/2000/svg"
      >
        <path
          d="M240.971 130.524l194.343 194.343c9.373 9.373 9.373 24.569 0 33.941l-22.667 22.667c-9.357 9.357-24.522 9.375-33.901.04L224 227.495 69.255 381.516c-9.379 9.335-24.544 9.317-33.901-.04l-22.667-22.667c-9.373-9.373-9.373-24.569 0-33.941L207.03 130.525c9.372-9.373 24.568-9.373 33.941-.001z"
          fill="currentColor"
          style={Object {}}
        />
      </svg>
    </label>
  </div>
  <div
    className="search-input__dropdown"
  >
    <ul
      className="search-input__results"
    >
      <li
        className="search-input__result-item"
        onMouseDown={[Function]}
      >
        <div>
          cat
        </div>
      </li>
      <li
        className="search-input__result-item"
        onMouseDown={[Function]}
      >
        <div>
          catastrophe
        </div>
      </li>
      <li
        className="search-input__result-item"
        onMouseDown={[Function]}
      >
        <div>
          category
        </div>
      </li>
      <li
        className="search-input__result-item"
        onMouseDown={[Function]}
      >
        <div>
          tiger
        </div>
      </li>
    </ul>
  </div>
</div>
`;
